Forecast at: 2023-05-09T13:52:47.536707Z
Steve score: 9
Julie score: 9
Francis score: 9
